// Jest Snapshot v1, https://goo.gl/fbAQLP

exports[`calculator rendered properly renders properly 1`] = `
<div
  className="Calc-container"
>
  <div
    className="display-result"
    data-testid="display"
  >
    0
  </div>
  <button
    className="clear pad"
    data-testid="AC"
    id="AC"
    onClick={[Function]}
    type="button"
  >
    AC
  </button>
  <button
    className="sign pad"
    id="+/-"
    onClick={[Function]}
    type="button"
  >
    +/-
  </button>
  <button
    className="modular pad"
    id="%"
    onClick={[Function]}
    type="button"
  >
    %
  </button>
  <button
    className="div operator"
    id="รท"
    onClick={[Function]}
    type="button"
  >
    รท
  </button>
  <button
    className="seven pad"
    data-testid="7"
    id="7"
    onClick={[Function]}
    type="button"
  >
    7
  </button>
  <button
    className="eight pad"
    data-testid="8"
    id="8"
    onClick={[Function]}
    type="button"
  >
    8
  </button>
  <button
    className="nine pad"
    id="9"
    onClick={[Function]}
    type="button"
  >
    9
  </button>
  <button
    className="mult operator"
    id="x"
    onClick={[Function]}
    type="button"
  >
    x
  </button>
  <button
    className="four pad"
    id="4"
    onClick={[Function]}
    type="button"
  >
    4
  </button>
  <button
    className="five pad"
    id="5"
    onClick={[Function]}
    type="button"
  >
    5
  </button>
  <button
    className="six pad"
    id="6"
    onClick={[Function]}
    type="button"
  >
    6
  </button>
  <button
    className="sub operator"
    id="-"
    onClick={[Function]}
    type="button"
  >
    -
  </button>
  <button
    className="one pad"
    id="1"
    onClick={[Function]}
    type="button"
  >
    1
  </button>
  <button
    className="two pad"
    id="2"
    onClick={[Function]}
    type="button"
  >
    2
  </button>
  <button
    className="three pad"
    id="3"
    onClick={[Function]}
    type="button"
  >
    3
  </button>
  <button
    className="plus operator"
    data-testid="+"
    id="+"
    onClick={[Function]}
    type="button"
  >
    +
  </button>
  <button
    className="zero pad"
    id="0"
    onClick={[Function]}
    type="button"
  >
    0
  </button>
  <button
    className="period pad"
    id="."
    onClick={[Function]}
    type="button"
  >
    .
  </button>
  <button
    className="equal operator"
    data-testid="="
    id="="
    onClick={[Function]}
    type="button"
  >
    =
  </button>
</div>
`;
